Amazon.EC2.dll|344064
Aneka.Accounting.dll|37376
Aneka.Config.dll|19968
Aneka.Data.dll|24576
Aneka.Data.Ftp.dll|22528
Aneka.Data.S3.dll|10240
Aneka.dll|263680
Aneka.Execution.dll|34816
Aneka.Hosting.Console.exe|16384
Aneka.License|784
Aneka.Licensing.dll|13824
Aneka.Logging.dll|34816
Aneka.Management.Config.dll|92672
Aneka.MapReduce.Common.dll|25088
Aneka.MapReduce.dll|69632
Aneka.MapReduce.Execution.dll|52224
Aneka.MapReduce.Scheduler.dll|68096
Aneka.MapReduce.SimFTP.dll|20480
Aneka.PAL.Daemon.exe|30720
Aneka.PAL.dll|27136
Aneka.PAL.Linux.dll|27648
Aneka.PAL.MacOSX.dll|4608
Aneka.PAL.Management.dll|56832
Aneka.PAL.Windows.dll|283648
Aneka.Runtime.Common.dll|23552
Aneka.Runtime.dll|146944
Aneka.Runtime.Provisioning.dll|37888
Aneka.Runtime.Provisioning.EC2.dll|17408
Aneka.Runtime.Provisioning.GoGrid.dll|20480
Aneka.Runtime.Provisioning.Xen.dll|16384
Aneka.Scheduling.dll|111104
Aneka.Security.Windows.dll|10240
Aneka.Storage.dll|38912
Aneka.Tasks.dll|32256
Aneka.Tasks.Execution.dll|7168
Aneka.Tasks.Scheduler.dll|7168
Aneka.Threading.dll|12800
Aneka.Threading.Execution.dll|6656
Aneka.Threading.Scheduler.dll|7168
Aneka.Util.dll|89600
antlr.runtime.dll|106496
AWSSDK.dll|1906688
Common.Logging.dll|28672
CookComputing.XmlRpcV2.dll|116080
DiffieHellman.dll|53248
Fl0yd.Controls.dll|303616
Fl0yd.Data.dll|32256
Fl0yd.Project.dll|106496
Fl0yd.Runtime.dll|54272
FtpClient.dll|34816
FtpServer.dll|65536
log4net.config.xml|1459
log4net.dll|270336
Mono.Posix.dll|181248
Org.Mentalis.Security.dll|184320
SharpSSH.Client.dll|11264
Spring.Core.dll|602112
Tamir.SharpSSH.dll|225280
XenServer.dll|337200
__listing__.map|0
